[2025-04-27 14:34:02] Gatekeeper error: Duplicate entry '' for key 'police.PRIMARY'
[2025-04-27 14:35:27] Gatekeeper error: Duplicate entry '' for key 'police.PRIMARY'
[2025-04-27 14:35:30] Gatekeeper error: Duplicate entry '' for key 'police.PRIMARY'
[2025-04-27 14:44:49] Gatekeeper error: No registration found for this ID.
[2025-04-27 14:44:58] Gatekeeper error: No registration found for this ID.
[2025-04-27 14:45:19] Gatekeeper error: No registration found for this ID.
[2025-04-27 15:04:38] Gatekeeper error: Column count doesn't match value count at row 1
[2025-05-04 12:59:12] Unknown column 'user_id' in 'where clause'
[2025-05-04 13:17:00] No login record was updated.
[2025-05-10 16:56:04] No login record updated. Username not found?
[2025-05-10 16:57:23] No login record updated. Username not found?
[2025-05-10 16:58:43] No login record updated. Username not found?
[2025-05-10 16:59:22] No login record updated. Username not found?
[2025-05-10 17:01:39] No login record updated. Username not found?
[2025-05-10 17:10:24] No login record updated. Username not found?
[2025-05-10 17:11:55] No login record updated. Username not found?
[2025-05-10 17:12:47] No login record updated. Username not found?
[2025-05-10 17:15:56] No login record updated. Username not found?
[2025-05-11 13:41:22] Invalid session: by  on 2025-05-11 13:41:22
[2025-05-11 13:41:52] Invalid session: by  on 2025-05-11 13:41:52
[2025-05-11 13:41:55] Invalid session: by  on 2025-05-11 13:41:55
[2025-05-11 13:42:02] Invalid session: by  on 2025-05-11 13:42:02
[2025-05-11 13:42:08] Invalid session: by  on 2025-05-11 13:42:08
[2025-05-11 13:42:12] Invalid session: by  on 2025-05-11 13:42:12
[2025-05-11 13:42:15] Invalid session: by  on 2025-05-11 13:42:15
[2025-05-11 13:42:17] Invalid session: by  on 2025-05-11 13:42:17
[2025-05-11 13:42:18] Invalid session: by  on 2025-05-11 13:42:18
[2025-05-11 13:42:25] Invalid session: by  on 2025-05-11 13:42:25
[2025-05-11 13:42:26] Invalid session: by  on 2025-05-11 13:42:26
[2025-05-11 13:44:01] Invalid session: by  on 2025-05-11 13:44:01
[2025-05-11 13:44:02] Invalid session: by  on 2025-05-11 13:44:02
[2025-05-11 13:44:06] Invalid session: by  on 2025-05-11 13:44:06
[2025-05-11 13:44:12] Invalid session: by  on 2025-05-11 13:44:12
[2025-05-11 14:25:18] Invalid session: by  on 2025-05-11 14:25:18
[2025-05-11 14:25:31] Invalid session: by  on 2025-05-11 14:25:31
[2025-05-12 04:23:26] Unknown column 'is_deleted' in 'field list'
[2025-05-12 04:24:15] Unknown column 'is_deleted' in 'field list'
[2025-05-12 04:28:12] Unknown column 'is_deleted' in 'field list'
[2025-05-12 04:28:19] Unknown column 'is_deleted' in 'field list'
[2025-05-12 04:30:20] Unknown column 'is_deleted' in 'field list'
[2025-05-12 04:32:39] Invalid session: by  on 2025-05-12 04:32:39
[2025-05-12 04:32:43] Invalid session: by  on 2025-05-12 04:32:43
[2025-05-12 04:32:50] Invalid session: by  on 2025-05-12 04:32:50
[2025-05-12 05:05:27] Invalid session: by  on 2025-05-12 05:05:27
[2025-05-12 05:05:29] Invalid session: by  on 2025-05-12 05:05:29
[2025-05-12 05:15:31] No email found for party.
[2025-05-12 05:18:42] No email found for party ID .
[2025-05-12 05:28:47] Invalid session: by  on 2025-05-12 05:28:47
[2025-05-12 05:28:51] Invalid session: by  on 2025-05-12 05:28:51
[2025-05-12 05:34:23] Invalid session: by  on 2025-05-12 05:34:23
[2025-05-12 05:39:42] Invalid session: by  on 2025-05-12 05:39:42
[2025-05-12 05:41:14] Invalid session: by  on 2025-05-12 05:41:14
[2025-05-12 05:41:30] Invalid session: by  on 2025-05-12 05:41:30
[2025-05-12 05:42:00] Invalid session: by  on 2025-05-12 05:42:00
[2025-05-12 05:42:16] Invalid session: by  on 2025-05-12 05:42:16
[2025-05-12 06:00:56] Invalid session: by  on 2025-05-12 06:00:56
[2025-05-12 06:01:48] Invalid session: by  on 2025-05-12 06:01:48
[2025-05-12 06:05:53] Invalid session: by  on 2025-05-12 06:05:53
[2025-05-12 06:05:54] Invalid session: by  on 2025-05-12 06:05:54
[2025-05-12 06:06:27] Invalid session: by  on 2025-05-12 06:06:27
[2025-05-12 06:07:37] Invalid session: by  on 2025-05-12 06:07:37
[2025-05-12 06:07:37] Column count doesn't match value count at row 1
[2025-05-12 06:07:41] Invalid session: by  on 2025-05-12 06:07:41
[2025-05-12 06:07:47] Invalid session: by  on 2025-05-12 06:07:47
[2025-05-12 06:07:47] Column count doesn't match value count at row 1
[2025-05-12 06:52:46] Invalid session: by  on 2025-05-12 06:52:46
[2025-05-12 06:52:47] Invalid session: by  on 2025-05-12 06:52:47
[2025-05-12 06:53:12] Invalid session: by  on 2025-05-12 06:53:12
[2025-05-12 06:53:19] Invalid session: by  on 2025-05-12 06:53:19
[2025-05-12 06:53:21] Invalid session: by  on 2025-05-12 06:53:21
[2025-05-12 06:53:36] Invalid session: by  on 2025-05-12 06:53:36
[2025-05-12 06:53:38] Invalid session: by  on 2025-05-12 06:53:38
[2025-05-12 06:54:50] Invalid session: by  on 2025-05-12 06:54:50
[2025-05-12 06:55:04] Invalid session: by  on 2025-05-12 06:55:04
[2025-05-12 06:55:17] Invalid session: by  on 2025-05-12 06:55:17
[2025-05-12 06:55:36] Invalid session: by  on 2025-05-12 06:55:36
[2025-05-12 06:55:40] Invalid session: by  on 2025-05-12 06:55:40
[2025-05-12 06:55:49] Invalid session: by  on 2025-05-12 06:55:49
[2025-05-12 06:55:52] Invalid session: by  on 2025-05-12 06:55:52
[2025-05-12 06:55:53] Invalid session: by  on 2025-05-12 06:55:53
[2025-05-12 06:55:58] Invalid session: by  on 2025-05-12 06:55:58
[2025-05-12 06:56:32] Invalid session: by  on 2025-05-12 06:56:32
[2025-05-12 06:56:40] Invalid session: by  on 2025-05-12 06:56:40
[2025-05-12 06:56:41] Invalid session: by  on 2025-05-12 06:56:41
[2025-05-12 06:56:45] Invalid session: by  on 2025-05-12 06:56:45
[2025-05-12 07:02:53] Invalid session: by  on 2025-05-12 07:02:53
[2025-05-12 07:06:02] Invalid session: by  on 2025-05-12 07:06:02
[2025-05-12 07:06:04] Invalid session: by  on 2025-05-12 07:06:04
[2025-05-12 07:06:07] Invalid session: by  on 2025-05-12 07:06:07
[2025-05-12 07:06:11] Invalid session: by  on 2025-05-12 07:06:11
[2025-05-12 07:29:07] Invalid session: by  on 2025-05-12 07:29:07
[2025-05-12 07:29:50] Invalid session: by  on 2025-05-12 07:29:50
[2025-05-12 07:29:52] Invalid session: by  on 2025-05-12 07:29:52
[2025-05-12 07:29:54] Invalid session: by  on 2025-05-12 07:29:54
[2025-05-12 07:30:07] Invalid session: by  on 2025-05-12 07:30:07
[2025-05-12 07:30:10] Invalid session: by  on 2025-05-12 07:30:10
[2025-05-12 07:30:51] Invalid session: by  on 2025-05-12 07:30:51
[2025-05-12 07:30:53] Invalid session: by  on 2025-05-12 07:30:53
[2025-05-12 07:30:54] Invalid session: by  on 2025-05-12 07:30:54
[2025-05-12 07:30:58] Invalid session: by  on 2025-05-12 07:30:58
[2025-05-12 07:31:00] Invalid session: by  on 2025-05-12 07:31:00
[2025-05-12 07:32:23] Invalid session: by  on 2025-05-12 07:32:23
[2025-05-12 07:32:28] Invalid session: by  on 2025-05-12 07:32:28
[2025-05-12 07:32:30] Invalid session: by  on 2025-05-12 07:32:30
[2025-05-12 07:35:53] Invalid session: by  on 2025-05-12 07:35:53
[2025-05-12 07:36:38] Invalid session: by  on 2025-05-12 07:36:38
[2025-05-12 07:36:40] Invalid session: by  on 2025-05-12 07:36:40
[2025-05-12 07:36:43] Invalid session: by  on 2025-05-12 07:36:43
[2025-05-12 07:36:44] Invalid session: by  on 2025-05-12 07:36:44
[2025-05-12 07:36:47] Invalid session: by  on 2025-05-12 07:36:47
[2025-05-12 07:36:50] Invalid session: by  on 2025-05-12 07:36:50
[2025-05-12 07:36:53] Invalid session: by  on 2025-05-12 07:36:53
[2025-05-12 07:36:55] Invalid session: by  on 2025-05-12 07:36:55
[2025-05-12 07:36:59] Invalid session: by  on 2025-05-12 07:36:59
[2025-05-12 07:37:06] Invalid session: by  on 2025-05-12 07:37:06
[2025-05-12 07:37:57] Invalid session: by  on 2025-05-12 07:37:57
[2025-05-12 07:39:30] Invalid session: by  on 2025-05-12 07:39:30
[2025-05-12 07:39:33] Invalid session: by  on 2025-05-12 07:39:33
[2025-05-12 07:41:53] Invalid session: by  on 2025-05-12 07:41:53
[2025-05-12 07:42:57] Invalid session: by  on 2025-05-12 07:42:57
[2025-05-12 07:44:15] Invalid session: by  on 2025-05-12 07:44:15
[2025-05-12 07:44:24] Invalid session: by  on 2025-05-12 07:44:24
[2025-05-12 07:44:45] Invalid session: by  on 2025-05-12 07:44:45
[2025-05-12 07:44:48] Invalid session: by  on 2025-05-12 07:44:48
[2025-05-12 07:44:49] Invalid session: by  on 2025-05-12 07:44:49
[2025-05-12 07:44:55] Invalid session: by  on 2025-05-12 07:44:55
[2025-05-12 07:45:28] Invalid session: by  on 2025-05-12 07:45:28
[2025-05-12 07:45:28] Unknown column 'lawyer_id' in 'where clause'
[2025-05-12 07:46:06] Invalid session: by  on 2025-05-12 07:46:06
[2025-05-12 07:46:12] Invalid session: by  on 2025-05-12 07:46:12
[2025-05-12 07:47:02] Invalid session: by  on 2025-05-12 07:47:02
[2025-05-12 07:47:02] Unknown column 'lawyer_id' in 'where clause'
[2025-05-12 07:50:11] Invalid session: by  on 2025-05-12 07:50:11
[2025-05-12 07:50:13] Invalid session: by  on 2025-05-12 07:50:13
[2025-05-12 07:50:17] Invalid session: by  on 2025-05-12 07:50:17
[2025-05-12 07:50:45] Invalid session: by  on 2025-05-12 07:50:45
[2025-05-12 07:50:45] Unknown column 'lawyer_id' in 'where clause'
[2025-05-12 07:55:31] Invalid session: by  on 2025-05-12 07:55:31
[2025-05-12 07:55:32] Invalid session: by  on 2025-05-12 07:55:32
[2025-05-12 07:55:34] Invalid session: by  on 2025-05-12 07:55:34
[2025-05-12 07:56:08] Invalid session: by  on 2025-05-12 07:56:08
[2025-05-12 07:56:34] Invalid session: by  on 2025-05-12 07:56:34
[2025-05-12 07:58:11] Invalid session: by  on 2025-05-12 07:58:11
[2025-05-12 07:58:14] Invalid session: by  on 2025-05-12 07:58:14
[2025-05-12 07:58:41] Invalid session: by  on 2025-05-12 07:58:41
[2025-05-12 07:59:11] Invalid session: by  on 2025-05-12 07:59:11
[2025-05-12 08:00:19] Invalid session: by  on 2025-05-12 08:00:19
[2025-05-12 08:00:47] Invalid session: by  on 2025-05-12 08:00:47
[2025-05-12 08:00:49] Invalid session: by  on 2025-05-12 08:00:49
[2025-05-12 08:01:23] Invalid session: by  on 2025-05-12 08:01:23
[2025-05-12 08:01:24] Invalid session: by  on 2025-05-12 08:01:24
[2025-05-12 08:01:29] Invalid session: by  on 2025-05-12 08:01:29
[2025-05-12 08:02:32] Invalid session: by  on 2025-05-12 08:02:32
[2025-05-12 08:02:36] Invalid session: by  on 2025-05-12 08:02:36
[2025-05-12 08:02:39] Invalid session: by  on 2025-05-12 08:02:39
[2025-05-12 08:02:53] Invalid session: by  on 2025-05-12 08:02:53
[2025-05-12 08:08:17] Invalid session: by  on 2025-05-12 08:08:17
[2025-05-12 08:08:18] Invalid session: by  on 2025-05-12 08:08:18
[2025-05-12 08:08:21] Invalid session: by  on 2025-05-12 08:08:21
[2025-05-12 08:10:35] Invalid session: by  on 2025-05-12 08:10:35
[2025-05-12 08:10:35] Column 'added_by' cannot be null
[2025-05-12 08:10:39] Invalid session: by  on 2025-05-12 08:10:39
[2025-05-12 08:10:52] Invalid session: by  on 2025-05-12 08:10:52
[2025-05-12 08:10:52] Column 'added_by' cannot be null
[2025-05-12 08:10:56] Invalid session: by  on 2025-05-12 08:10:56
[2025-05-12 08:11:22] Invalid session: by  on 2025-05-12 08:11:22
[2025-05-12 08:12:18] Invalid session: by  on 2025-05-12 08:12:18
[2025-05-12 08:12:18] Column 'added_by' cannot be null
[2025-05-12 08:23:51] Invalid session: by  on 2025-05-12 08:23:51
[2025-05-12 08:23:52] Invalid session: by  on 2025-05-12 08:23:52
[2025-05-12 08:23:54] Invalid session: by  on 2025-05-12 08:23:54
[2025-05-12 08:23:56] Invalid session: by  on 2025-05-12 08:23:56
[2025-05-12 08:23:58] Invalid session: by  on 2025-05-12 08:23:58
[2025-05-12 08:24:51] Invalid session: by  on 2025-05-12 08:24:51
[2025-05-12 08:25:30] Invalid session: by  on 2025-05-12 08:25:30
[2025-05-12 08:25:34] Invalid session: by  on 2025-05-12 08:25:34
[2025-05-12 11:18:06] Invalid session: by  on 2025-05-12 11:18:06
[2025-05-12 11:21:14] Invalid session: by  on 2025-05-12 11:21:14
[2025-05-12 11:21:28] Invalid session: by  on 2025-05-12 11:21:28
[2025-05-12 11:22:31] Invalid session: by  on 2025-05-12 11:22:31
[2025-05-12 11:23:33] Invalid session: by  on 2025-05-12 11:23:33
[2025-05-12 11:23:36] Invalid session: by  on 2025-05-12 11:23:36
[2025-05-12 13:17:05] Unauthorized access attempt to case C0002 by L0005 on 2025-05-12 13:17:05
[2025-05-12 13:17:27] Unauthorized access attempt to case C0002 by ragu@ragu.com on 2025-05-12 13:17:27
[2025-05-12 13:17:30] Unauthorized access attempt to case C0002 by ragu@ragu.com on 2025-05-12 13:17:30
[2025-05-12 13:17:39] Unauthorized access attempt to case C0001 by ragu@ragu.com on 2025-05-12 13:17:39
[2025-05-12 13:19:07] Column 'added_by' cannot be null
[2025-05-12 13:30:28] Column 'added_by' cannot be null
[2025-05-12 13:30:43] Column 'added_by' cannot be null
[2025-05-12 14:01:27] Unauthorized access attempt to case C0002 by ragu@ragu.com on 2025-05-12 14:01:27
[2025-05-12 14:02:06] Unauthorized access attempt to case C0002 by ragu@ragu.com on 2025-05-12 14:02:06
[2025-05-12 14:02:08] Unauthorized access attempt to case C0002 by ragu@ragu.com on 2025-05-12 14:02:08
[2025-05-12 14:02:38] Unauthorized access attempt to case C0001 by ragu@ragu.com on 2025-05-12 14:02:38
[2025-05-12 14:05:42] Unauthorized access attempt to case C0001 by ragu@ragu.com on 2025-05-12 14:05:42
[2025-05-12 14:05:53] Unauthorized access attempt to case C0002 by ragu@ragu.com on 2025-05-12 14:05:53
[2025-05-12 14:07:57] Unauthorized access attempt to case C0002 by ragu@ragu.com on 2025-05-12 14:07:57
[2025-05-12 14:08:05] Unauthorized access attempt to case C0001 by ragu@ragu.com on 2025-05-12 14:08:05
[2025-05-13 04:22:22] Unauthorized access attempt to case C0003 by L0005 on 2025-05-13 04:22:22
[2025-05-13 04:22:24] Unauthorized access attempt to case C0003 by L0005 on 2025-05-13 04:22:24
[2025-05-13 04:22:39] Unauthorized access attempt to case C0003 by L0005 on 2025-05-13 04:22:39
[2025-05-13 04:22:58] Unauthorized access attempt to case C0004 by L0005 on 2025-05-13 04:22:58
[2025-05-13 04:23:03] Unauthorized access attempt to case C0003 by L0005 on 2025-05-13 04:23:03
[2025-05-13 04:23:06] Unauthorized access attempt to case C0003 by L0005 on 2025-05-13 04:23:06
[2025-05-13 04:41:00] Unauthorized access attempt to case C0003 by L0005 on 2025-05-13 04:41:00
[2025-05-13 04:41:12] Unauthorized access attempt to case C0003 by L0005 on 2025-05-13 04:41:12
[2025-05-13 04:41:30] Unauthorized access attempt to case C0003 by L0005 on 2025-05-13 04:41:30
[2025-05-13 05:00:59] Unauthorized access attempt to case  by  on 2025-05-13 05:00:59
[2025-05-13 05:03:36] Unauthorized access attempt to case  by  on 2025-05-13 05:03:36
[2025-05-13 05:08:47] Unauthorized access attempt to case C0004 by L0005 on 2025-05-13 05:08:47
[2025-05-13 05:18:52] Unauthorized access attempt to case C0003 by L0005 on 2025-05-13 05:18:52
[2025-05-13 05:19:03] Unauthorized access attempt to case C0003 by L0005 on 2025-05-13 05:19:03
[2025-05-13 05:21:24] Unauthorized access attempt to case C0003 by L0005 on 2025-05-13 05:21:24
[2025-05-13 05:23:38] Unauthorized access attempt to case C0003 by L0005 on 2025-05-13 05:23:38
[2025-05-13 05:23:47] Unauthorized access attempt to case C0003 by L0005 on 2025-05-13 05:23:47
[2025-05-13 05:25:42] Unauthorized access attempt to case C0004 by L0005 on 2025-05-13 05:25:42
[2025-05-13 05:51:51] Unauthorized access attempt to case C0003 by L0005 on 2025-05-13 05:51:51
[2025-05-13 05:55:51] Unauthorized access attempt to case C0003 by L0005 on 2025-05-13 05:55:51
[2025-05-13 06:36:44] Unauthorized access attempt to case C0003 by L0005 on 2025-05-13 06:36:44
[2025-05-13 06:53:15] Unauthorized access attempt to case C0003 by  on 2025-05-13 06:53:15
[2025-05-13 07:23:58] Unauthorized access attempt to case C0003 by L0005 on 2025-05-13 07:23:58
[2025-05-13 07:24:02] Unauthorized access attempt to case C0003 by L0005 on 2025-05-13 07:24:02
[2025-05-13 12:20:30] Unauthorized access attempt to case C0004 by L0005 on 2025-05-13 12:20:30
[2025-05-13 12:20:35] Unauthorized access attempt to case C0004 by L0005 on 2025-05-13 12:20:35
[2025-05-13 12:22:49] Unauthorized access attempt to case C0003 by L0005 on 2025-05-13 12:22:49
[2025-05-13 12:29:39] Unauthorized access attempt to case C9999 by L0005 on 2025-05-13 12:29:39
[2025-05-13 12:29:49] Unauthorized access attempt to case C0004 by L0005 on 2025-05-13 12:29:49
